// Jest Snapshot v1, https://goo.gl/fbAQLP

exports[`ErrorWidget's snapshot 1`] = `
<div
  className="wrong"
/>
`;
