// Jest Snapshot v1, https://goo.gl/fbAQLP

exports[`GenreQuestionScreen's snapshot 1`] = `
<section
  className="game game--genre"
>
  <section
    className="game__screen"
  >
    <h2
      className="game__title"
    >
      Выберите 
      folk
       треки
    </h2>
    <form
      className="game__tracks"
      onSubmit={[Function]}
    >
      <div
        className="track"
      >
        <AudioPlayer
          isPlaying={false}
          onPlayButtonClick={[Function]}
          src="url1"
        />
        <div
          className="game__answer"
        >
          <input
            className="game__input visually-hidden"
            id="answer-1"
            name="answer"
            onClick={[Function]}
            type="checkbox"
            value="0"
          />
          <label
            className="game__check"
            htmlFor="answer-1"
          >
            Отметить
          </label>
        </div>
      </div>
      <div
        className="track"
      >
        <AudioPlayer
          isPlaying={false}
          onPlayButtonClick={[Function]}
          src="url2"
        />
        <div
          className="game__answer"
        >
          <input
            className="game__input visually-hidden"
            id="answer-2"
            name="answer"
            onClick={[Function]}
            type="checkbox"
            value="1"
          />
          <label
            className="game__check"
            htmlFor="answer-2"
          >
            Отметить
          </label>
        </div>
      </div>
      <button
        className="game__submit button"
        type="submit"
      >
        Ответить
      </button>
    </form>
  </section>
</section>
`;
