// Jest Snapshot v1, https://goo.gl/fbAQLP

exports[`ResultLose's snapshot 1`] = `
<section
  className="result"
>
  <div
    className="result__logo"
  >
    <img
      alt="Угадай мелодию"
      height="83"
      src="img/melody-logo.png"
      width="186"
    />
  </div>
  <h2
    className="result__title"
  >
    Game Over!
  </h2>
  <p
    className="result__total result__total--fail"
  >
    You have exceeded the number of allowed mistakes!
    <br />
    No worries, next time is gonna be better!
  </p>
  <a
    className="replay"
    href="/"
    onClick={[Function]}
  >
    Try Again!
  </a>
</section>
`;
