// Jest Snapshot v1, https://goo.gl/fbAQLP

exports[`ResultWin's snapshot 1`] = `
<section
  className="login"
>
  <div
    className="login__logo"
  >
    <img
      alt="Угадай мелодию"
      height="83"
      src="img/melody-logo.png"
      width="186"
    />
  </div>
  <h2
    className="login__title"
  >
    You are an actual music lover!
  </h2>
  <p
    className="login__total"
  >
    For 
    0
     minutes and 
    10
     seconds you\`ve scored
     
    2
     points, and made 
    1
     mistakes
  </p>
  <a
    className="replay"
    href="/"
    onClick={[Function]}
  >
    Try Again!
  </a>
</section>
`;
