// Jest Snapshot v1, https://goo.gl/fbAQLP

exports[`Spinner's Snapshot 1`] = `
<img
  alt="preloader"
  height={100}
  src="img/loading_spinner.gif"
  width={100}
/>
`;
